Release 13.1 - xst O.40d (nt64)
Copyright (c) 1995-2011 Xilinx, Inc.  All rights reserved.
--> Parameter TMPDIR set to xst/projnav.tmp


Total REAL time to Xst completion: 0.00 secs
Total CPU time to Xst completion: 0.08 secs
 
--> Parameter xsthdpdir set to xst


Total REAL time to Xst completion: 0.00 secs
Total CPU time to Xst completion: 0.08 secs
 
--> Reading design: complex_abs_power2_18.prj

TABLE OF CONTENTS
  1) Synthesis Options Summary
  2) HDL Parsing
  3) HDL Elaboration
  4) HDL Synthesis
       4.1) HDL Synthesis Report
  5) Advanced HDL Synthesis
       5.1) Advanced HDL Synthesis Report
  6) Low Level Synthesis
  7) Partition Report
  8) Design Summary
       8.1) Primitive and Black Box Usage
       8.2) Device utilization summary
       8.3) Partition Resource Summary
       8.4) Timing Report
            8.4.1) Clock Information
            8.4.2) Asynchronous Control Signals Information
            8.4.3) Timing Summary
            8.4.4) Timing Details
            8.4.5) Cross Clock Domains Report


=========================================================================
*                      Synthesis Options Summary                        *
=========================================================================
---- Source Parameters
Input File Name                    : "complex_abs_power2_18.prj"
Input Format                       : mixed
Ignore Synthesis Constraint File   : NO

---- Target Parameters
Output File Name                   : "complex_abs_power2_18"
Output Format                      : NGC
Target Device                      : xc6slx100t-3-fgg484

---- Source Options
Top Module Name                    : complex_abs_power2_18
Automatic FSM Extraction           : YES
FSM Encoding Algorithm             : Auto
Safe Implementation                : No
FSM Style                          : LUT
RAM Extraction                     : Yes
RAM Style                          : Auto
ROM Extraction                     : Yes
Shift Register Extraction          : YES
ROM Style                          : Auto
Resource Sharing                   : YES
Asynchronous To Synchronous        : NO
Shift Register Minimum Size        : 2
Use DSP Block                      : Auto
Automatic Register Balancing       : No

---- Target Options
LUT Combining                      : Auto
Reduce Control Sets                : Auto
Add IO Buffers                     : YES
Global Maximum Fanout              : 100000
Add Generic Clock Buffer(BUFG)     : 16
Register Duplication               : YES
Optimize Instantiated Primitives   : NO
Use Clock Enable                   : Auto
Use Synchronous Set                : Auto
Use Synchronous Reset              : Auto
Pack IO Registers into IOBs        : Auto
Equivalent register Removal        : YES

---- General Options
Optimization Goal                  : Speed
Optimization Effort                : 1
Power Reduction                    : NO
Keep Hierarchy                     : No
Netlist Hierarchy                  : As_Optimized
RTL Output                         : Yes
Global Optimization                : AllClockNets
Read Cores                         : YES
Write Timing Constraints           : NO
Cross Clock Analysis               : NO
Hierarchy Separator                : /
Bus Delimiter                      : <>
Case Specifier                     : Maintain
Slice Utilization Ratio            : 100
BRAM Utilization Ratio             : 100
DSP48 Utilization Ratio            : 100
Auto BRAM Packing                  : NO
Slice Utilization Ratio Delta      : 5

---- Other Options
Cores Search Directories           : {"ip"  }

=========================================================================


=========================================================================
*                          HDL Parsing                                  *
=========================================================================
Analyzing Verilog file \"D:\Verilog\complex_abs_power2_18\ip\dsp48a1_ip_mul_add.v\" into library work
Parsing module <dsp48a1_ip_mul_add>.
Analyzing Verilog file \"D:\Verilog\complex_abs_power2_18\ip\dsp48a1_ip_mul.v\" into library work
Parsing module <dsp48a1_ip_mul>.
Analyzing Verilog file \"D:\Verilog\complex_abs_power2_18\code\complex_abs_power2_18.v\" into library work
Parsing module <complex_abs_power2_18>.

=========================================================================
*                            HDL Elaboration                            *
=========================================================================

Elaborating module <complex_abs_power2_18>.

Elaborating module <dsp48a1_ip_mul>.

Elaborating module <dsp48a1_ip_mul_add>.

=========================================================================
*                           HDL Synthesis                               *
=========================================================================

Synthesizing Unit <complex_abs_power2_18>.
    Related source file is "d:/verilog/complex_abs_power2_18/code/complex_abs_power2_18.v".
    Summary:
	no macro.
Unit <complex_abs_power2_18> synthesized.

=========================================================================
HDL Synthesis Report

Found no macro
=========================================================================

=========================================================================
*                       Advanced HDL Synthesis                          *
=========================================================================

Reading core <ip/dsp48a1_ip_mul.ngc>.
Reading core <ip/dsp48a1_ip_mul_add.ngc>.
Loading core <dsp48a1_ip_mul> for timing and area information for instance <u1_dsp48a1_ip_mul>.
Loading core <dsp48a1_ip_mul_add> for timing and area information for instance <u2_dsp48a1_ip_mul_add>.

=========================================================================
Advanced HDL Synthesis Report

Found no macro
=========================================================================

=========================================================================
*                         Low Level Synthesis                           *
=========================================================================

Optimizing unit <complex_abs_power2_18> ...

Mapping all equations...
Building and optimizing final netlist ...
Found area constraint ratio of 100 (+ 5) on block complex_abs_power2_18, actual ratio is 0.

Final Macro Processing ...

=========================================================================
Final Register Report

Found no macro
=========================================================================

=========================================================================
*                           Partition Report                            *
=========================================================================

Partition Implementation Status
-------------------------------

  No Partitions were found in this design.

-------------------------------

=========================================================================
*                            Design Summary                             *
=========================================================================

Top Level Output File Name         : complex_abs_power2_18.ngc

Primitive and Black Box Usage:
------------------------------
# BELS                             : 4
#      GND                         : 2
#      VCC                         : 2
# Clock Buffers                    : 1
#      BUFGP                       : 1
# IO Buffers                       : 72
#      IBUF                        : 36
#      OBUF                        : 36
# DSPs                             : 2
#      DSP48A1                     : 2

Device utilization summary:
---------------------------

Selected Device : 6slx100tfgg484-3 


Slice Logic Utilization: 

Slice Logic Distribution: 
 Number of LUT Flip Flop pairs used:      0
   Number with an unused Flip Flop:       0  out of      0         
   Number with an unused LUT:             0  out of      0         
   Number of fully used LUT-FF pairs:     0  out of      0         
   Number of unique control sets:         0

IO Utilization: 
 Number of IOs:                          73
 Number of bonded IOBs:                  73  out of    296    24%  

Specific Feature Utilization:
 Number of BUFG/BUFGCTRLs:                1  out of     16     6%  
 Number of DSP48A1s:                      2  out of    180     1%  

---------------------------
Partition Resource Summary:
---------------------------

  No Partitions were found in this design.

---------------------------


=========================================================================
Timing Report

NOTE: THESE TIMING NUMBERS ARE ONLY A SYNTHESIS ESTIMATE.
      FOR ACCURATE TIMING INFORMATION PLEASE REFER TO THE TRACE REPORT
      GENERATED AFTER PLACE-and-ROUTE.

Clock Information:
------------------
-----------------------------------+------------------------+-------+
Clock Signal                       | Clock buffer(FF name)  | Load  |
-----------------------------------+------------------------+-------+
i_clk                              | BUFGP                  | 2     |
-----------------------------------+------------------------+-------+

Asynchronous Control Signals Information:
----------------------------------------
No asynchronous control signals found in this design

Timing Summary:
---------------
Speed Grade: -3

   Minimum period: 4.079ns (Maximum Frequency: 245.167MHz)
   Minimum input arrival time before clock: 4.070ns
   Maximum output required time after clock: 4.350ns
   Maximum combinational path delay: No path found

Timing Details:
---------------
All values displayed in nanoseconds (ns)

=========================================================================
Timing constraint: Default period analysis for Clock 'i_clk'
  Clock period: 4.079ns (frequency: 245.167MHz)
  Total number of paths / destination ports: 48 / 48
-------------------------------------------------------------------------
Delay:               4.079ns (Levels of Logic = 2)
  Source:            u1_dsp48a1_ip_mul/blk00000003/blk00000006 (DSP)
  Destination:       u2_dsp48a1_ip_mul_add/blk00000003/blk00000006 (DSP)
  Source Clock:      i_clk rising
  Destination Clock: i_clk rising

  Data Path: u1_dsp48a1_ip_mul/blk00000003/blk00000006 to u2_dsp48a1_ip_mul_add/blk00000003/blk00000006
                                Gate     Net
    Cell:in->out      fanout   Delay   Delay  Logical Name (Net Name)
    ----------------------------------------  ------------
     DSP48A1:CLK->P47      1   1.200   0.579  blk00000006 (p(47))
     end scope: 'u1_dsp48a1_ip_mul/blk00000003:p(47)'
     end scope: 'u1_dsp48a1_ip_mul:p<47>'
     begin scope: 'u2_dsp48a1_ip_mul_add:c<47>'
     begin scope: 'u2_dsp48a1_ip_mul_add/blk00000003:c(47)'
     DSP48A1:C47               2.300          blk00000006
    ----------------------------------------
    Total                      4.079ns (3.500ns logic, 0.579ns route)
                                       (85.8% logic, 14.2% route)

=========================================================================
Timing constraint: Default OFFSET IN BEFORE for Clock 'i_clk'
  Total number of paths / destination ports: 72 / 72
-------------------------------------------------------------------------
Offset:              4.070ns (Levels of Logic = 2)
  Source:            i_r<17> (PAD)
  Destination:       u1_dsp48a1_ip_mul/blk00000003/blk00000006 (DSP)
  Destination Clock: i_clk rising

  Data Path: i_r<17> to u1_dsp48a1_ip_mul/blk00000003/blk00000006
                                Gate     Net
    Cell:in->out      fanout   Delay   Delay  Logical Name (Net Name)
    ----------------------------------------  ------------
     IBUF:I->O             2   1.222   0.616  i_r_17_IBUF (i_r_17_IBUF)
     begin scope: 'u1_dsp48a1_ip_mul:a<17>'
     begin scope: 'u1_dsp48a1_ip_mul/blk00000003:a(17)'
     DSP48A1:B17               2.232          blk00000006
    ----------------------------------------
    Total                      4.070ns (3.454ns logic, 0.616ns route)
                                       (84.9% logic, 15.1% route)

=========================================================================
Timing constraint: Default OFFSET OUT AFTER for Clock 'i_clk'
  Total number of paths / destination ports: 36 / 36
-------------------------------------------------------------------------
Offset:              4.350ns (Levels of Logic = 2)
  Source:            u2_dsp48a1_ip_mul_add/blk00000003/blk00000006 (DSP)
  Destination:       o_p<35> (PAD)
  Source Clock:      i_clk rising

  Data Path: u2_dsp48a1_ip_mul_add/blk00000003/blk00000006 to o_p<35>
                                Gate     Net
    Cell:in->out      fanout   Delay   Delay  Logical Name (Net Name)
    ----------------------------------------  ------------
     DSP48A1:CLK->P35      1   1.200   0.579  blk00000006 (p(35))
     end scope: 'u2_dsp48a1_ip_mul_add/blk00000003:p(35)'
     end scope: 'u2_dsp48a1_ip_mul_add:p<35>'
     OBUF:I->O                 2.571          o_p_35_OBUF (o_p<35>)
    ----------------------------------------
    Total                      4.350ns (3.771ns logic, 0.579ns route)
                                       (86.7% logic, 13.3% route)

=========================================================================

Cross Clock Domains Report:
--------------------------

Clock to Setup on destination clock i_clk
---------------+---------+---------+---------+---------+
               | Src:Rise| Src:Fall| Src:Rise| Src:Fall|
Source Clock   |Dest:Rise|Dest:Rise|Dest:Fall|Dest:Fall|
---------------+---------+---------+---------+---------+
i_clk          |    4.079|         |         |         |
---------------+---------+---------+---------+---------+

=========================================================================


Total REAL time to Xst completion: 5.00 secs
Total CPU time to Xst completion: 4.57 secs
 
--> 

Total memory usage is 244024 kilobytes

Number of errors   :    0 (   0 filtered)
Number of warnings :    0 (   0 filtered)
Number of infos    :    0 (   0 filtered)

